Archive member included to satisfy reference by file (symbol)

/opt/poky/2.2.1/sysroots/cortexa8hf-neon-poky-linux-gnueabi/usr/lib/arm-poky-linux-gnueabi/6.2.0/libgcc.a(_udivsi3.o)
                              ./obj/rems.o (__aeabi_uidiv)
/opt/poky/2.2.1/sysroots/cortexa8hf-neon-poky-linux-gnueabi/usr/lib/arm-poky-linux-gnueabi/6.2.0/libgcc.a(_divsi3.o)
                              ./obj/util.o (__aeabi_idiv)
/opt/poky/2.2.1/sysroots/cortexa8hf-neon-poky-linux-gnueabi/usr/lib/arm-poky-linux-gnueabi/6.2.0/libgcc.a(_aeabi_ldivmod.o)
                              ./obj/util.o (__aeabi_ldivmod)
/opt/poky/2.2.1/sysroots/cortexa8hf-neon-poky-linux-gnueabi/usr/lib/arm-poky-linux-gnueabi/6.2.0/libgcc.a(_dvmd_lnx.o)
                              /opt/poky/2.2.1/sysroots/cortexa8hf-neon-poky-linux-gnueabi/usr/lib/arm-poky-linux-gnueabi/6.2.0/libgcc.a(_aeabi_ldivmod.o) (__aeabi_ldiv0)
/opt/poky/2.2.1/sysroots/cortexa8hf-neon-poky-linux-gnueabi/usr/lib/arm-poky-linux-gnueabi/6.2.0/libgcc.a(_udivmoddi4.o)
                              /opt/poky/2.2.1/sysroots/cortexa8hf-neon-poky-linux-gnueabi/usr/lib/arm-poky-linux-gnueabi/6.2.0/libgcc.a(_aeabi_ldivmod.o) (__udivmoddi4)
/opt/poky/2.2.1/sysroots/cortexa8hf-neon-poky-linux-gnueabi/usr/lib/libc_nonshared.a(elf-init.oS)
                              /opt/poky/2.2.1/sysroots/cortexa8hf-neon-poky-linux-gnueabi/usr/lib/crt1.o (__libc_csu_init)

Allocating common symbols
Common symbol       size              file

m_PAU_C_Req         0x28              ./obj/PAU_comm.o
auto_rst_req        0x4               ./obj/uda_proc.o
Hidden_AID_idx      0x7d0             ./obj/protocol.o
RU_ARM_SUPP         0x1b              ./obj/protocol.o
m_Uda               0x2c              ./obj/main.o
SIM_Auto_Install_Set_Req
                    0x1               ./obj/SIM.o
Reg_ALC__Cnt        0x10              ./obj/main.o
Reg_TDD2__Cnt       0x8               ./obj/main.o
alarm_rpt_pause_req
                    0x1               ./obj/nms_alarm.o
f_Req               0x8               ./obj/main.o
m_PAU_Ctrl          0x17c             ./obj/PAU_comm.o
Reg_TDD__Cnt        0x4               ./obj/main.o
PSU_Link_Fail       0x1               ./obj/psu_comm.o
m_St                0x112c            ./obj/main.o
Reg_VSS_DL_flag     0x19c             ./obj/main.o
Ro_IP_Set_Req       0x1               ./obj/udp_comm.o
Reg_DSP_FA_MIMO_Addr
                    0x860             ./obj/main.o
AC_Fail_St          0x1               ./obj/algorithm_rf.o
Auto_Wr__Log        0x27c4            ./obj/nms_alarm.o
GUI_ST_AID_idx      0x7d0             ./obj/protocol.o
Inv_rd_en_timer     0x20              ./obj/inventory.o
zip_header          0x40              ./obj/down_load.o
Reg_CFR_Addr        0x30              ./obj/main.o
Reg_TDD_Addr        0x84              ./obj/main.o
m_AMP_tmp_tbl_Alpha
                    0xf0              ./obj/main.o
AAU_T_Pattern_Alpha_q_x_gain
                    0x1000            ./obj/FPGA_Reg.o
m_Reg_Sts           0x125c            ./obj/FPGA_Reg.o
pReg_VSS_UL_Addr    0x1350            ./obj/main.o
Reg_RFU_CTRL_Addr   0x40              ./obj/main.o
AufoConfigFlag      0xb6              ./obj/auto_cofig_proc.o
pReg_AXI_CPRI_Addr  0xf0              ./obj/main.o
info_PSU            0x8               ./obj/down_load.o
info_FPGA           0x8               ./obj/down_load.o
Rvs_Amp_SD          0x4               ./obj/PAU_comm.o
LOG___AID_idx       0x10              ./obj/protocol.o
comm_init           0x630             ./obj/comm_lib.o
Reg_DPD_flag        0x44              ./obj/main.o
udp_pop_fd          0x2c              ./obj/udp_comm.o
Is_RU_Time_Sync     0x1               ./obj/alarm.o
Reg_DPD2__Cnt       0x4               ./obj/main.o
m_Stat              0xd48             ./obj/rems.o
m_THRESH_Ctrl       0x94              ./obj/PAU_comm.o
AAU_T_Pattern_100q_x_gain
                    0x1000            ./obj/FPGA_Reg.o
Reg_DSP_Common_MIMO__Cnt
                    0x10              ./obj/main.o
m_Ro                0x1               ./obj/main.o
Reg_DSP_Common_MIMO_Addr
                    0x90              ./obj/main.o
m_Reg_Flg           0x125c            ./obj/FPGA_Reg.o
Jig_Data            0x1a              ./obj/comm.o
m_DTU_AutoDn        0x20              ./obj/dtu_udp_comm.o
Send_CnM_SW_Noti_time
                    0x8               ./obj/auto_cofig_proc.o
sR                  0x4000            ./obj/main.o
m_dn_data           0x3fc             ./obj/dtu_udp_comm.o
pReg_Common_Addr    0x33c             ./obj/main.o
inv_r               0x20              ./obj/inventory.o
m_Env               0x41f             ./obj/main.o
m_AutoDn_Psu        0x40c             ./obj/psu_comm.o
pReg_CFR_Addr       0x90              ./obj/main.o
br_FFT              0x4000            ./obj/main.o
Reg_AXI_CPRI_Cnt    0x10              ./obj/main.o
pReg_DSP_FA_MIMO_Addr
                    0x1920            ./obj/main.o
m_ATT_AMP_tbl       0x218             ./obj/main.o
Reg_DSP_Common_flag
[...]
Memory Configuration

Name             Origin             Length             Attributes
*default*        0x0000000000000000 0xffffffffffffffff

Linker script and memory map

LOAD /opt/poky/2.2.1/sysroots/cortexa8hf-neon-poky-linux-gnueabi/usr/lib/crt1.o
LOAD /opt/poky/2.2.1/sysroots/cortexa8hf-neon-poky-linux-gnueabi/usr/lib/crti.o
LOAD /opt/poky/2.2.1/sysroots/cortexa8hf-neon-poky-linux-gnueabi/usr/lib/arm-poky-linux-gnueabi/6.2.0/crtbegin.o
LOAD ./obj/main.o
LOAD ./obj/cli.o
LOAD ./obj/up_com.o
LOAD ./obj/comm.o
LOAD ./obj/comm_conf.o
LOAD ./obj/comm_lib.o
LOAD ./obj/Debug_Lib.o
LOAD ./obj/frame.o
LOAD ./obj/crc.o
LOAD ./obj/util.o
LOAD ./obj/os_util.o
LOAD ./obj/devicelib.o
LOAD ./obj/BT_Comm.o
LOAD ./obj/down_load.o
LOAD ./obj/eep_emul.o
LOAD ./obj/udp_comm.o
LOAD ./obj/lo_host_comm.o
LOAD ./obj/lsh_udp_comm.o
LOAD ./obj/auto_cofig_proc.o
LOAD ./obj/a_pru_mmap_proc.o
LOAD ./obj/PAU_comm.o
LOAD ./obj/psu_comm.o
LOAD ./obj/alarm.o
LOAD ./obj/algorithm_rf.o
LOAD ./obj/protocol.o
LOAD ./obj/control.o
LOAD ./obj/spi.o
LOAD ./obj/FPGA_Reg.o
LOAD ./obj/temp_ic.o
LOAD ./obj/dtu_udp_comm.o
LOAD ./obj/inventory.o
LOAD ./obj/nms_alarm.o
LOAD ./obj/log_file.o
LOAD ./obj/i2c_dev.o
LOAD ./obj/log_reset.o
LOAD ./obj/log_event.o
LOAD ./obj/SIM.o
LOAD ./obj/ADC_ic.o
LOAD ./obj/uda_proc.o
LOAD ./obj/pru_dpd.o
LOAD ./obj/rems.o
LOAD ./obj/spectrum.o
LOAD /opt/poky/2.2.1/sysroots/cortexa8hf-neon-poky-linux-gnueabi/usr/lib/libpthread.so
START GROUP
LOAD /opt/poky/2.2.1/sysroots/cortexa8hf-neon-poky-linux-gnueabi/lib/libpthread.so.0
LOAD /opt/poky/2.2.1/sysroots/cortexa8hf-neon-poky-linux-gnueabi/usr/lib/libpthread_nonshared.a
END GROUP
LOAD /opt/poky/2.2.1/sysroots/cortexa8hf-neon-poky-linux-gnueabi/usr/lib/libm.so
LOAD /opt/poky/2.2.1/sysroots/cortexa8hf-neon-poky-linux-gnueabi/usr/lib/arm-poky-linux-gnueabi/6.2.0/libgcc.a
LOAD /opt/poky/2.2.1/sysroots/cortexa8hf-neon-poky-linux-gnueabi/lib/libgcc_s.so
START GROUP
LOAD /opt/poky/2.2.1/sysroots/cortexa8hf-neon-poky-linux-gnueabi/lib/libgcc_s.so.1
LOAD /opt/poky/2.2.1/sysroots/cortexa8hf-neon-poky-linux-gnueabi/usr/lib/arm-poky-linux-gnueabi/6.2.0/libgcc.a
END GROUP
LOAD /opt/poky/2.2.1/sysroots/cortexa8hf-neon-poky-linux-gnueabi/usr/lib/libc.so
START GROUP
LOAD /opt/poky/2.2.1/sysroots/cortexa8hf-neon-poky-linux-gnueabi/lib/libc.so.6
LOAD /opt/poky/2.2.1/sysroots/cortexa8hf-neon-poky-linux-gnueabi/usr/lib/libc_nonshared.a
LOAD /opt/poky/2.2.1/sysroots/cortexa8hf-neon-poky-linux-gnueabi/lib/ld-linux-armhf.so.3
END GROUP
LOAD /opt/poky/2.2.1/sysroots/cortexa8hf-neon-poky-linux-gnueabi/usr/lib/arm-poky-linux-gnueabi/6.2.0/libgcc.a
LOAD /opt/poky/2.2.1/sysroots/cortexa8hf-neon-poky-linux-gnueabi/lib/libgcc_s.so
START GROUP
LOAD /opt/poky/2.2.1/sysroots/cortexa8hf-neon-poky-linux-gnueabi/lib/libgcc_s.so.1
LOAD /opt/poky/2.2.1/sysroots/cortexa8hf-neon-poky-linux-gnueabi/usr/lib/arm-poky-linux-gnueabi/6.2.0/libgcc.a
END GROUP
LOAD /opt/poky/2.2.1/sysroots/cortexa8hf-neon-poky-linux-gnueabi/usr/lib/arm-poky-linux-gnueabi/6.2.0/crtend.o
LOAD /opt/poky/2.2.1/sysroots/cortexa8hf-neon-poky-linux-gnueabi/usr/lib/crtn.o
                [!provide]                        PROVIDE (__executable_start, 0x10000)
                0x0000000000010134                . = (0x10000 + SIZEOF_HEADERS)

.interp         0x0000000000010134       0x19
 *(.interp)
 .interp        0x0000000000010134       0x19 /opt/poky/2.2.1/sysroots/cortexa8hf-neon-poky-linux-gnueabi/usr/lib/crt1.o

.note.ABI-tag   0x0000000000010150       0x20
 .note.ABI-tag  0x0000000000010150       0x20 /opt/poky/2.2.1/sysroots/cortexa8hf-neon-poky-linux-gnueabi/usr/lib/crt1.o

.note.gnu.build-id
                0x0000000000010170       0x24
 *(.note.gnu.build-id)
 .note.gnu.build-id
                0x0000000000010170       0x24 linker stubs

.hash
 *(.hash)

.gnu.hash       0x0000000000010194      0x414
 *(.gnu.hash)
 .gnu.hash      0x0000000000010194      0x414 /opt/poky/2.2.1/sysroots/cortexa8hf-neon-poky-linux-gnueabi/usr/lib/crt1.o

.dynsym         0x00000000000105a8      0x850
 *(.dynsym)
 .dynsym        0x00000000000105a8      0x850 /opt/poky/2.2.1/sysroots/cortexa8hf-neon-poky-linux-gnueabi/usr/lib/crt1.o

.dynstr         0x0000000000010df8      0x470
 *(.dynstr)
 .dynstr        0x0000000000010df8      0x470 /opt/poky/2.2.1/sysroots/cortexa8hf-neon-poky-linux-gnueabi/usr/lib/crt1.o

.gnu.version    0x0000000000011268      0x10a
 *(.gnu.version)
 .gnu.version   0x0000000000011268      0x10a /opt/poky/2.2.1/sysroots/cortexa8hf-neon-poky-linux-gnueabi/usr/lib/crt1.o

.gnu.version_d  0x0000000000011374        0x0
 *(.gnu.version_d)
 .gnu.version_d
                0x0000000000011374        0x0 /opt/poky/2.2.1/sysroots/cortexa8hf-neon-poky-linux-gnueabi/usr/lib/crt1.o

.gnu.version_r  0x0000000000011374       0x90
 *(.gnu.version_r)
 .gnu.version_r
                0x0000000000011374       0x90 /opt/poky/2.2.1/sysroots/cortexa8hf-neon-poky-linux-gnueabi/usr/lib/crt1.o

.rel.dyn        0x0000000000011404       0x38
 *(.rel.init)
 *(.rel.text .rel.text.* .rel.gnu.linkonce.t.*)
 *(.rel.fini)
 *(.rel.rodata .rel.rodata.* .rel.gnu.linkonce.r.*)
 *(.rel.data.rel.ro .rel.data.rel.ro.* .rel.gnu.linkonce.d.rel.ro.*)
 *(.rel.data .rel.data.* .rel.gnu.linkonce.d.*)
 *(.rel.tdata .rel.tdata.* .rel.gnu.linkonce.td.*)
 *(.rel.tbss .rel.tbss.* .rel.gnu.linkonce.tb.*)
 *(.rel.ctors)
 *(.rel.dtors)
 *(.rel.got)
 .rel.got       0x0000000000011404        0x8 /opt/poky/2.2.1/sysroots/cortexa8hf-neon-poky-linux-gnueabi/usr/lib/crt1.o
 *(.rel.bss .rel.bss.* .rel.gnu.linkonce.b.*)
 .rel.bss       0x000000000001140c       0x30 /opt/poky/2.2.1/sysroots/cortexa8hf-neon-poky-linux-gnueabi/usr/lib/crt1.o
                [!provide]                        PROVIDE (__rel_iplt_start, .)
 *(.rel.iplt)
 .rel.iplt      0x000000000001143c        0x0 /opt/poky/2.2.1/sysroots/cortexa8hf-neon-poky-linux-gnueabi/usr/lib/crt1.o
                [!provide]                        PROVIDE (__rel_iplt_end, .)

.rela.dyn       0x000000000001143c        0x0
 *(.rela.init)
 *(.rela.text .rela.text.* .rela.gnu.linkonce.t.*)
 *(.rela.fini)
 *(.rela.rodata .rela.rodata.* .rela.gnu.linkonce.r.*)
 *(.rela.data .rela.data.* .rela.gnu.linkonce.d.*)
 *(.rela.tdata .rela.tdata.* .rela.gnu.linkonce.td.*)
 *(.rela.tbss .rela.tbss.* .rela.gnu.linkonce.tb.*)
 *(.rela.ctors)
 *(.rela.dtors)
 *(.rela.got)
 *(.rela.bss .rela.bss.* .rela.gnu.linkonce.b.*)
                [!provide]                        PROVIDE (__rela_iplt_start, .)
 *(.rela.iplt)
                [!provide]                        PROVIDE (__rela_iplt_end, .)

.rel.plt        0x000000000001143c      0x3d8
 *(.rel.plt)
 .rel.plt       0x000000000001143c      0x3d8 /opt/poky/2.2.1/sysroots/cortexa8hf-neon-poky-linux-gnueabi/usr/lib/crt1.o

.rela.plt
 *(.rela.plt)

.init           0x0000000000011814        0xc
 *(SORT(.init))
 .init          0x0000000000011814        0x8 /opt/poky/2.2.1/sysroots/cortexa8hf-neon-poky-linux-gnueabi/usr/lib/crti.o
                0x0000000000011814                _init
 .init          0x000000000001181c        0x4 /opt/poky/2.2.1/sysroots/cortexa8hf-neon-poky-linux-gnueabi/usr/lib/crtn.o

.plt            0x0000000000011820      0x5d8
 *(.plt)
 .plt           0x0000000000011820      0x5d8 /opt/poky/2.2.1/sysroots/cortexa8hf-neon-poky-linux-gnueabi/usr/lib/crt1.o
                0x0000000000011834                pthread_mutex_unlock@@GLIBC_2.4
                0x0000000000011840                calloc@@GLIBC_2.4
                0x000000000001184c                strstr@@GLIBC_2.4
                0x0000000000011858                raise@@GLIBC_2.4
                0x0000000000011864                setbuf@@GLIBC_2.4
                0x0000000000011870                strcmp@@GLIBC_2.4
                0x000000000001187c                strtol@@GLIBC_2.4
                0x0000000000011888                printf@@GLIBC_2.4
                0x0000000000011894                truncate@@GLIBC_2.4
                0x00000000000118a0                __isoc99_fscanf@@GLIBC_2.7
                0x00000000000118ac                fopen@@GLIBC_2.4
                0x00000000000118b8                read@@GLIBC_2.4
                0x00000000000118c4                tcflush@@GLIBC_2.4
                0x00000000000118d0                mktime@@GLIBC_2.4
                0x00000000000118dc                fflush@@GLIBC_2.4
                0x00000000000118e8                free@@GLIBC_2.4
                0x00000000000118f4                fgets@@GLIBC_2.4
                0x0000000000011900                pthread_mutex_lock@@GLIBC_2.4
                0x000000000001190c                clock_gettime@@GLIBC_2.17
                0x0000000000011918                memcpy@@GLIBC_2.4
                0x0000000000011924                pthread_mutex_init@@GLIBC_2.4
                0x0000000000011930                signal@@GLIBC_2.4
                0x000000000001193c                time@@GLIBC_2.4
                0x0000000000011948                lseek@@GLIBC_2.4
                0x0000000000011954                pow@@GLIBC_2.4
                0x0000000000011960                _IO_getc@@GLIBC_2.4
                0x000000000001196c                ftell@@GLIBC_2.4
                0x0000000000011978                memcmp@@GLIBC_2.4
                0x0000000000011984                inet_ntoa@@GLIBC_2.4
                0x0000000000011990                select@@GLIBC_2.4
                0x000000000001199c                sincos@@GLIBC_2.4
                0x00000000000119a8                sleep@@GLIBC_2.4
                0x00000000000119b4                stpcpy@@GLIBC_2.4
                0x00000000000119c0                recvfrom@@GLIBC_2.4
                0x00000000000119cc                syncfs@@GLIBC_2.14
                0x00000000000119d8                perror@@GLIBC_2.4
                0x00000000000119e4                __xstat@@GLIBC_2.4
                0x00000000000119f0                _IO_putc@@GLIBC_2.4
                0x00000000000119fc                fwrite@@GLIBC_2.4
                0x0000000000011a08                strcat@@GLIBC_2.4
                0x0000000000011a14                ioctl@@GLIBC_2.4
                0x0000000000011a20                usleep@@GLIBC_2.4
                0x0000000000011a2c                tcsetattr@@GLIBC_2.4
                0x0000000000011a38                strcpy@@GLIBC_2.4
                0x0000000000011a44                gettimeofday@@GLIBC_2.4
                0x0000000000011a50                fread@@GLIBC_2.4
                0x0000000000011a5c                pthread_create@@GLIBC_2.4
                0x0000000000011a68                daemon@@GLIBC_2.4
                0x0000000000011a74                puts@@GLIBC_2.4
                0x0000000000011a80                sysinfo@@GLIBC_2.4
                0x0000000000011a8c                malloc@@GLIBC_2.4
                0x0000000000011a98                settimeofday@@GLIBC_2.4
                0x0000000000011aa4                log10@@GLIBC_2.4
                0x0000000000011ab0                __libc_start_main@@GLIBC_2.4
                0x0000000000011abc                strerror@@GLIBC_2.4
                0x0000000000011ac8                system@@GLIBC_2.4
                0x0000000000011ad4                __fxstat@@GLIBC_2.4
                0x0000000000011ae0                strftime@@GLIBC_2.4
                0x0000000000011aec                localtime@@GLIBC_2.4
                0x0000000000011af8                closelog@@GLIBC_2.4
                0x0000000000011b10                open@@GLIBC_2.4
                0x0000000000011b1c                rename@@GLIBC_2.4
                0x0000000000011b28                kill@@GLIBC_2.4
                0x0000000000011b34                __ctype_b_loc@@GLIBC_2.4
                0x0000000000011b40                getpid@@GLIBC_2.4
                0x0000000000011b4c                exit@@GLIBC_2.4
                0x0000000000011b58                strtoul@@GLIBC_2.4
                0x0000000000011b64                strlen@@GLIBC_2.4
                0x0000000000011b70                strchr@@GLIBC_2.4
                0x0000000000011b7c                fprintf@@GLIBC_2.4
                0x0000000000011b88                mkstemp@@GLIBC_2.4
                0x0000000000011b94                fcntl@@GLIBC_2.4
                0x0000000000011ba0                sqrt@@GLIBC_2.4
                0x0000000000011bac                __errno_location@@GLIBC_2.4
                0x0000000000011bb8                snprintf@@GLIBC_2.4
                0x0000000000011bc4                __isoc99_sscanf@@GLIBC_2.7
                0x0000000000011bd0                mkdir@@GLIBC_2.4
                0x0000000000011bdc                bind@@GLIBC_2.4
                0x0000000000011be8                memset@@GLIBC_2.4
                0x0000000000011bf4                putchar@@GLIBC_2.4
                0x0000000000011c00                scandir@@GLIBC_2.4
                0x0000000000011c0c                strncpy@@GLIBC_2.4
                0x0000000000011c18                __xpg_basename@@GLIBC_2.4
                0x0000000000011c24                gmtime@@GLIBC_2.4
                0x0000000000011c30                write@@GLIBC_2.4
                0x0000000000011c3c                fileno@@GLIBC_2.4
                0x0000000000011c48                difftime@@GLIBC_2.4
                0x0000000000011c54                ftruncate@@GLIBC_2.4
                0x0000000000011c60                fclose@@GLIBC_2.4
                0x0000000000011c6c                pthread_exit@@GLIBC_2.4
                0x0000000000011c78                strnlen@@GLIBC_2.4
                0x0000000000011c84                pipe@@GLIBC_2.4
                0x0000000000011c90                strtok@@GLIBC_2.4
                0x0000000000011c9c                sendto@@GLIBC_2.4
                0x0000000000011ca8                popen@@GLIBC_2.4
                0x0000000000011cb4                stime@@GLIBC_2.4
                0x0000000000011cc0                vfprintf@@GLIBC_2.4
                0x0000000000011ccc                fputc@@GLIBC_2.4
                0x0000000000011cd8                syslog@@GLIBC_2.4
                0x0000000000011ce4                alphasort@@GLIBC_2.4
                0x0000000000011cf0                sprintf@@GLIBC_2.4
                0x0000000000011cfc                timegm@@GLIBC_2.4
                0x0000000000011d08                roundf@@GLIBC_2.4
                0x0000000000011d14                openlog@@GLIBC_2.4
                0x0000000000011d20                remove@@GLIBC_2.4
                0x0000000000011d2c                vsnprintf@@GLIBC_2.4
                0x0000000000011d38                socket@@GLIBC_2.4
                0x0000000000011d44                inet_addr@@GLIBC_2.4
                0x0000000000011d50                sync@@GLIBC_2.4
                0x0000000000011d5c                umask@@GLIBC_2.4
                0x0000000000011d68                strncat@@GLIBC_2.4
                0x0000000000011d74                strncmp@@GLIBC_2.4
                0x0000000000011d80                abort@@GLIBC_2.4
                0x0000000000011d8c                recv@@GLIBC_2.4
                0x0000000000011d98                close@@GLIBC_2.4
                0x0000000000011da4                mkfifo@@GLIBC_2.4
                0x0000000000011db0                send@@GLIBC_2.4
                0x0000000000011dbc                connect@@GLIBC_2.4
                0x0000000000011dc8                sched_setscheduler@@GLIBC_2.4
                0x0000000000011dd4                cos@@GLIBC_2.4
                0x0000000000011de0                tcgetattr@@GLIBC_2.4
                0x0000000000011dec                pclose@@GLIBC_2.4

.iplt           0x0000000000011df8        0x0
 *(.iplt)
 .iplt          0x0000000000011df8        0x0 /opt/poky/2.2.1/sysroots/cortexa8hf-neon-poky-linux-gnueabi/usr/lib/crt1.o

.text           0x0000000000011df8    0x5811c
 *(.text.unlikely .text.*_unlikely .text.unlikely.*)
 *(.text.exit .text.exit.*)
 *(.text.startup .text.startup.*)
 .text.startup  0x0000000000011df8      0x4e4 ./obj/main.o
                0x0000000000011df8                main
 *(.text.hot .text.hot.*)
 *(.text .stub .text.* .gnu.linkonce.t.*)
 .text          0x00000000000122dc       0x3c /opt/poky/2.2.1/sysroots/cortexa8hf-neon-poky-linux-gnueabi/usr/lib/crt1.o
                0x00000000000122dc                _start
 .text          0x0000000000012318       0x24 /opt/poky/2.2.1/sysroots/cortexa8hf-neon-poky-linux-gnueabi/usr/lib/crti.o
 .text          0x000000000001233c       0xc8 /opt/poky/2.2.1/sysroots/cortexa8hf-neon-poky-linux-gnueabi/usr/lib/arm-poky-linux-gnueabi/6.2.0/crtbegin.o
 .text          0x0000000000012404      0x6f8 ./obj/main.o
                0x0000000000012404                WDT_Task
                0x0000000000012648                StatusSem_Init
                0x000000000001267c                Status_Lock
                0x0000000000012688                Status_Unlock
                0x0000000000012694                Free_MemAlloc
                0x0000000000012698                End_task
                0x000000000001282c                Init_GPIO_ANTS
                0x0000000000012898                DeInit_GPIO_ANTS
                0x00000000000128c8                End_Program
                0x0000000000012920                Chk_ResetReason
 .text          0x0000000000012afc      0x4ac ./obj/cli.o
                0x0000000000012c8c                hex_dump
                0x0000000000012ce8                _set_tty_for_erase_key
                0x0000000000012d38                CLI_Process
 .text          0x0000000000012fa8       0xd0 ./obj/up_com.o
                0x0000000000012fa8                UP_Comm_Task
 .text          0x0000000000013078     0x2634 ./obj/comm.o
                0x0000000000013078                Get__My_RU_ID
                0x0000000000013088                Get__gREMS_My_SUBID
                0x000000000001309c                SUB_ID_Check
                0x0000000000013108                Cal_Node_IP_Addr
                0x00000000000131b8                Init_GUI_IP_Table
                0x00000000000131e0                Insert_GUI_IP_Table
                0x000000000001327c                Find_GUI_IP
                0x0000000000013338                SendError
                0x000000000001337c                Make_JIg_Data
                0x00000000000133f0                IS__Download_Allowed
                0x00000000000133f8                Proc__Check_Download_Now
                0x00000000000133fc                DownLoadDataCheck
                0x00000000000134d0                Mod_Download
                0x0000000000013520                txStatus_REMS_Hidden
                0x0000000000013570                Register_inquire
                0x000000000001361c                Copy_POWER_Table
                0x00000000000136dc                Copy_AMP_TEMP_Table
                0x0000000000013728                Copy_ATT_Table
                0x0000000000013774                Get_TempAtt_Tbl
                0x0000000000013828                Get_TempAtt_Alpha_Tbl
                0x00000000000138dc                Get_MaxMin_Temp_TempAtt_Tbl
                0x0000000000013964                Table_PassData
                0x000000000001397c                Table_Write
                0x0000000000013adc                Table_Read
                0x0000000000013cd0                MaskSet
                0x0000000000013d44                Power_Reset_Ctrl
                0x0000000000013d9c                Get_LogStatus
                0x0000000000013dd4                tx_LogStatus
                0x0000000000013e54                tx_LogFile
                0x0000000000013f2c                tx_LogFileList
                0x0000000000014010                Is__Command_of_LogParser_GUI
                0x0000000000014024                PassAckData_ToGUI
                0x00000000000140c4                NodeDataAck
                0x00000000000141a4                Make_Alive_Data
                0x00000000000141cc                Get_Pkt_Idx
                0x00000000000141fc                Login_Info_Valid
                0x0000000000014248                GUI_ID_PW_Chk
                0x00000000000143d4                txStatus
                0x00000000000143ec                txInventry
                0x0000000000014438                txSFP_Inventry
                0x00000000000146b4                txBarCode
                0x00000000000147c0                tx_GUI_Log
                0x0000000000014850                rx_LocalTime
                0x0000000000014974                tx_EMS_Loopback
                0x00000000000149c4                rx_GUI_ID_PW
                0x0000000000014b04                UP_Data_Analysis
 .text          0x00000000000156ac      0x3cc ./obj/comm_conf.o
                0x00000000000156ac                Init_UDP_fd
                0x00000000000156fc                Get_UDP_fd
                0x0000000000015714                Close_UDP_fd
                0x0000000000015764                PreTxData
                0x000000000001576c                EndTxData
                0x0000000000015770                Recv_DN_Data
                0x0000000000015774                Recv_UP_Data
                0x000000000001581c                Get_UDP_Sock
                0x000000000001582c                Init_SIM_TCP_fd
                0x000000000001584c                Close_SIM_TCP_fd
                0x0000000000015864                Get_SIM_TCP_sock
                0x0000000000015874                Init_Comm
 .text          0x0000000000015a78     0x20b8 ./obj/comm_lib.o
                0x0000000000015a78                Get_IP32
                0x0000000000015a98                Re_Init_Comm
                0x0000000000015e2c                Close_UART_Comm
                0x0000000000015e78                UDP_IP_Re_Setting
                0x0000000000015e94                Comm_Que_Dbg
                0x0000000000015efc                Send_DN_Data
                0x000000000001604c                Send_UP_Data
                0x00000000000160a8                Send_gREMS_Data
                0x0000000000016144                Send_UDP_Node_Data
                0x00000000000161c4                Send_TCP_Data_GUI
                0x000000000001621c                Send_UDP_Data_GUI
                0x000000000001629c                Send_Localhost_Data
                0x00000000000163d8                Send_Tx_Only_Data
                0x0000000000016424                Check_UP_Data
                0x0000000000016588                Check_Node_SIM_Data
                0x0000000000016644                Check_Node_Data
                0x0000000000016754                Check_LSH_Data
                0x0000000000016858                Send_LSH_Data
                0x00000000000168dc                Set_BT_Name
                0x0000000000016a4c                send_BT_mode_CMD
                0x0000000000016b0c                BT_Init
                0x0000000000016f40                Set_Frame_Func
                0x0000000000016f54                AT91_UART_Init
                0x00000000000170b0                tcp_Client_init
                0x000000000001716c                udp_init
                0x0000000000017290                Init_Comm_Lib
                0x00000000000174a4                CheckUART_Error
                0x00000000000174a8                CheckCommFail
                0x00000000000174b0                GetQUE
                0x00000000000174c8                Get_Comm_fd_Status
                0x00000000000174e0                Add_UDP_Que
                0x00000000000175a4                RecvUDPDataQue_All
                0x000000000001761c                RecvUDPDataQue_lohost
                0x00000000000176b0                pktinfo_get
                0x0000000000017798                RecvUDPDataQue_LSH
                0x0000000000017808                GetUDPDataFromUDP_Que
                0x00000000000178fc                RecvCommDataQue
 .text          0x0000000000017b30      0xabc ./obj/Debug_Lib.o
                0x0000000000017c04                Chk_CommLogSize
                0x0000000000017c10                CheckCommLogSize
                0x0000000000017c58                CheckTextPortLogSize
                0x0000000000017c64                OpenTextLogFile
                0x0000000000017c9c                CheckTextLogSize
                0x0000000000017ce0                OpenTextPortLogFile
                0x0000000000017dbc                OpenCommLogFile
                0x0000000000017eb8                SetDebugCmd
                0x0000000000017f44                DebugConfig
                0x0000000000017f84                Debug_Init
                0x000000000001807c                TimeStampOut
                0x00000000000180fc                D_Printf
                0x0000000000018198                D4_Printf
                0x0000000000018248                Do4_Printf
                0x0000000000018300                Debug_Comm_Data
 .text          0x00000000000185ec      0xafc ./obj/frame.o
                0x00000000000185ec                Init_Que
                0x0000000000018610                ADD_Que
                0x000000000001864c                Init_Tx_Frame_SeqNo
                0x0000000000018668                Get_Tx_Frame_SeqNo
                0x0000000000018690                Get_Tx_Frame_SeqNo_Cur
                0x00000000000186ac                GetFrame
                0x0000000000018a20                Make_Frame_COMPACKT
                0x0000000000018ad4                Make_Frame
                0x0000000000018b88                Re_Make_Frame
                0x0000000000018c24                Make_Frame_PAU
                0x0000000000018ca4                Re_Make_Frame_PAU
                0x0000000000018d1c                GetFrame_PAU
 .text          0x00000000000190e8       0x9c ./obj/crc.o
                0x00000000000190e8                crcByteCalc
                0x0000000000019108                crcNByteCalc
                0x000000000001914c                crcLByteCalc
 .text          0x0000000000019184     0x2914 ./obj/util.o
                0x0000000000019184                AID_Pwr
                0x00000000000191b4                AID_Pwr_Ctrl
                0x00000000000191cc                ROUND
                0x000000000001921c                ROUND_05
                0x000000000001926c                ROUND_05U
                0x00000000000192c0                ntoa
                0x00000000000192d4                atoh
                0x0000000000019318                AHex2Dig
                0x00000000000193b4                AHex2Dig2
                0x0000000000019448                AHex2Dig_INT16
                0x0000000000019470                Dig2AHex
                0x0000000000019490                Dig2AHex_INT16U
                0x00000000000194cc                BCD2Dig
                0x00000000000194e4                Dig2BCD
                0x0000000000019510                MakePwrValue
                0x0000000000019554                MakePnValue
                0x0000000000019568                Make_3G_Channel_Value
                0x0000000000019584                Swap16
                0x0000000000019594                BYTE_to_INT32L
                0x000000000001959c                BYTE_to_INT32B
                0x00000000000195c0                INT32B_to_BYTE
                0x00000000000195e0                INT32L_to_BYTE
                0x0000000000019600                BYTE_to_INT16L
                0x0000000000019610                BYTE_to_INT16B
                0x0000000000019620                INT16B_to_BYTE
                0x0000000000019630                INT16L_to_BYTE
                0x0000000000019640                date_to_a
                0x00000000000196cc                calcBits
                0x0000000000019730                ctrlBits
                0x0000000000019774                Hysterisis_Alm_Chk
                0x00000000000197a4                Hys_Alm_Update
                0x00000000000197cc                HysAlarmCheck
                0x0000000000019818                MakeSMSInPowerVal
                0x0000000000019830                MakeGUIInPowerVal
                0x0000000000019848                MakeSMSPowerVal
                0x000000000001987c                MakePwrValue_GUI
                0x00000000000198a4                Get_Item_Idx2
                0x0000000000019914                Get_Y_From_x
                0x000000000001996c                Get_Differenc
                0x00000000000199c0                Get_OnOff_Str
                0x00000000000199e0                Get_Alarm_Str
                0x0000000000019a00                Get_P10_Str
                0x0000000000019a0c                Get_RP7_Str
                0x0000000000019a18                Get_fpga_Str
                0x0000000000019a24                Get_path4_Str
                0x0000000000019a7c                Get_RVS_5_Str
                0x0000000000019a88                Get_D10_Str
                0x0000000000019a94                Get_SM_Str
                0x0000000000019aa0                Get_Up_Dev_Str
                0x0000000000019aac                Get_Up_DevType_Str
                0x0000000000019ab8                Get_CMD_Str
                0x0000000000019b2c                Get_Rst_Reason_Str
                0x0000000000019c0c                Get__gREMS_Reset_Reason_Str
                0x0000000000019cec                set_system_time
                0x0000000000019d8c                set_Ro_system_time
                0x0000000000019dc0                init_key_val_str
                0x0000000000019df8                replace_keywd_value
                0x0000000000019fec                get_keywd_value
                0x000000000001a1d8                read_network_file
                0x000000000001a270                print_agent
                0x000000000001a2f0                system_agent
                0x000000000001a3c0                system_agent_sync
                0x000000000001a498                popen_agent
                0x000000000001a578                Net_Set_Info_Set
                0x000000000001a634                Net_Start
                0x000000000001a670                Net_Stop
                0x000000000001a6a4                disp_time
                0x000000000001a704                Get_Cur_UTC_Time
                0x000000000001a738                User_UTC_Set
                0x000000000001a7b4                change_utc_to_local
                0x000000000001a7d8                IS___Valid_gREMS_Local_Time
                0x000000000001a834                Change_Local_Time
                0x000000000001a920                conv_delay_1ns_to_001us
                0x000000000001a944                conv_delay_001us_to_1ns
                0x000000000001a960                conv_att_001_to_05
                0x000000000001a9a0                conv_att_01_to_05
                0x000000000001a9e0                conv_signed_att_01_to_05
                0x000000000001aa30                conv_att_001_to_025
                0x000000000001aa70                conv_att_025_to_05
                0x000000000001aaa8                conv_att_05_to_001
                0x000000000001aac8                conv_att_05_to_01
                0x000000000001aadc                conv_att_025_to_001
                0x000000000001aaf8                conv_att_05_to_025
                0x000000000001ab08                conv_signed_att_05_to_025
                0x000000000001ab18                Init_Debug_Path4
                0x000000000001ab30                Is_Debug_Path4
                0x000000000001ab4c                Is_Debug_Optic_Path
                0x000000000001ab74                Chk_Same_Process
                0x000000000001acb4                Get_Mem_Usage
                0x000000000001adb0                Proc___Ping_Test
                0x000000000001b1f8                CPU_Usage_Task
                0x000000000001b46c                Disp_IP_addr
                0x000000000001b4a0                Make_IP_addr_str
                0x000000000001b4c8                Close_System_Sock_fd
                0x000000000001b4e0                Proc__Get_System_MAC_IP
                0x000000000001b618                Set_System_HW_Mac
                0x000000000001b68c                Get_System_HW_Mac
                0x000000000001b7d4                Get_system_mac_ip
                0x000000000001b8dc                Net_Get_Info_Update
                0x000000000001b98c                GetUptime
                0x000000000001b9d8                Init__App_Timer
                0x000000000001b9f4                Start__App_Timer
                0x000000000001ba24                IsEnd__App_Timer
                0x000000000001ba94                Get__PRU_DDR_Memory_Clk_Info
 .text          0x000000000001ba98      0x2d4 ./obj/os_util.o
                0x000000000001ba98                OSTimerOverCheck_msec
                0x000000000001bb6c                OSTimerGet_msec
                0x000000000001bbf8                OSTimerOverCheck_Sec
                0x000000000001bc60                Thread_Priority_Init
                0x000000000001bcd0                InitTimeCheck
                0x000000000001bcdc                OSTimerReset
                0x000000000001bce0                PrintTimeCheck
 .text          0x000000000001bd6c      0x454 ./obj/devicelib.o
                0x000000000001bd6c                watchdog_start
                0x000000000001bd98                watchdog_end
                0x000000000001bdcc                watchdog_set_time
                0x000000000001be10                watchdog_get_time
                0x000000000001be50                watchdog_live
                0x000000000001bef8                watchdog_remained_ms
                0x000000000001bf20                watchdog_chk_remained
                0x000000000001bf74                watchdog_elapsed
                0x000000000001bf84                get_watchdog_live_time_min
                0x000000000001bf94                get_watchdog_live_time_max
                0x000000000001bfa4                Open_GPIO_Dev
                0x000000000001c020                Close_GPIO_Dev
                0x000000000001c050                ADC_SPI_Init
                0x000000000001c058                ADC_SPI_Comm
                0x000000000001c060                _init_gpio
                0x000000000001c0c8                _set_gpio
                0x000000000001c0f8                _get_gpio
                0x000000000001c128                _init_gpio_out
                0x000000000001c158                _init_gpio_in
                0x000000000001c188                _close_gpio
 .text          0x000000000001c1c0      0x22c ./obj/BT_Comm.o
                0x000000000001c1c0                Get_Bt_status
                0x000000000001c1d0                Set_Bt_req
                0x000000000001c1e0                check_BT_init
                0x000000000001c29c                BlueTooth_Comm_Task
 .text          0x000000000001c3ec     0x48a8 ./obj/down_load.o
                0x000000000001c4b4                update_pau_psu_file
                0x000000000001c59c                change_PAU_PSU_file
                0x000000000001c680                change_mmcblk_file
                0x000000000001c788                Update_image_ub
                0x000000000001c830                Update_Fpga_Bitstream
                0x000000000001ca8c                Make_App_File_Total_Path
                0x000000000001cb44                rxStartDownload
                0x000000000001cc64                rxReStartDownload
                0x000000000001ccb4                SaveInfoFile
                0x000000000001cdb4                CheckDN_File
                0x000000000001cf94                Is_File_Exist
                0x000000000001cfc0                Kill_Dig_App
                0x000000000001d018                Chk_Kill_Dig_App
                0x000000000001d05c                CopyImage_x
                0x000000000001d484                CopyImage
                0x000000000001d5d0                check_zip_DN_flag
                0x000000000001d6f0                set_zip_DN_flag
                0x000000000001d704                set_amp_DN_flag
                0x000000000001d75c                check_amp_DN_flag
                0x000000000001d774                set_amp_DN_sataus
                0x000000000001d7cc                set_amp_DN_confirm_END
                0x000000000001d83c                set_psu_DN_flag
                0x000000000001d860                set_psu_DN_sataus
                0x000000000001d884                set_psu_DN_confirm_END
                0x000000000001d8bc                Get_Name_and_Length_of_file
                0x000000000001d96c                file_copy
                0x000000000001dbc4                check_header_crc
                0x000000000001dc20                compare_Header
                0x000000000001dca0                Parsing_Header
                0x000000000001ddf8                unzip_Zip_FILE
                0x000000000001de90                HASH_Check_Zip_FILE
                0x000000000001dfa4                check_Zip_FILE
                0x000000000001e068                SaveDnDataFile
                0x000000000001e11c                Check_Data_Image_All
                0x000000000001e274                Check_Data_Image
                0x000000000001e364                file_re_name_to_DN
                0x000000000001e5d8                check_zip_files_PSU_PAU
                0x000000000001e80c                confirm_zip_files
                0x000000000001ec98                check_zip_files
                0x000000000001eca0                rxDataDownload
                0x000000000001f014                Clear_dir__tmp_DN_File
                0x000000000001f050                rxFinishConfirm
                0x000000000001f304                rxDNconfirm
                0x000000000001f518                RCU_download_Rusume
                0x000000000001f594                check_ftp_DN_cmd_ACK
                0x000000000001f5b4                set_ftp_time_t
                0x000000000001f664                ftp_get_pkg
                0x000000000001f910                Set_AMP_Zip_Ver
                0x000000000001f9b4                Zip_Ver_Set
                0x000000000001fb44                Init_Ver_Info
                0x000000000001fb98                Set_Ver_Info_Rcu
                0x000000000001fbbc                Set_Ver_Info_PSU
                0x000000000001fbe0                Set_Ver_Info_AMP
                0x000000000001fc14                Disp_Cur_All_Mod_Ver
                0x000000000001fd18                Disp_Zip_All_Mod_Ver
                0x000000000001fe18                Is_InValid_Version
                0x000000000001fe44                Upgrade_Decision
                0x000000000001fe98                Cmp_Version
                0x000000000002005c                rd_iro_version_info
                0x00000000000202b0                Get_RCU_Dn_File_Name
                0x0000000000020320                Get_PSU_Dn_File_Name
                0x0000000000020378                Get_AMP_Dn_File_Name
                0x0000000000020450                check_PSU_PAU_DN
                0x0000000000020540                check_ftp_time
                0x000000000002057c                DL_St_Fail_handle
                0x000000000002066c                system_call_Task
 .text          0x0000000000020c94      0x870 ./obj/eep_emul.o
                0x0000000000020c94                CheckVFile
                0x0000000000020d4c                SaveVFile
                0x0000000000020dc8                ResetInfo_Write
                0x0000000000020ec8                ResetInfo_Read
                0x0000000000020f18                Refresh_V_EEP
                0x0000000000021068                V_EEP_Write
                0x0000000000021120                V_EEP_Read
                0x0000000000021194                V_EEP_Copy_Backup
                0x0000000000021204                V_EEP_Read_All
                0x0000000000021400                V_Read_Rst_Info_All
                0x0000000000021494                InitEEP
 .text          0x0000000000021504      0xb14 ./obj/udp_comm.o
                0x0000000000021570                Get_Node_IP
                0x000000000002159c                Get_SUB_ID_IP
                0x00000000000215e4                Pass_Node_Data
                0x0000000000021694                Broad_Comm_Task
                0x00000000000216c8                Proc_UDP_GUI_Pkt
                0x00000000000217c8                Proc_REMS_Node_Pkt
                0x0000000000021910                UDP_DTU_Rx_Task
                0x0000000000021984                UDP_Sel_Task
                0x0000000000021c98                UDP_Sel_Proc_Task
                0x0000000000021f5c                pipe_create
                0x0000000000021f68                udp_rx_que_pipe_create
                0x0000000000021f88                udp_rx_que_pipe_destroy
                0x0000000000021fd8                pipe_udp_push_write
 .text          0x0000000000022018      0x110 ./obj/lo_host_comm.o
                0x0000000000022018                Disp_Flag_Data
 .text          0x0000000000022128     0x5a1c ./obj/lsh_udp_comm.o
                0x00000000000221e8                GetFrame_LSH
                0x00000000000223f8                Make_Frame_IE_Optic_Delay
                0x00000000000225dc                Make_Frame_IE_Measured_Power
                0x00000000000226f8                Make_Frame_IE_Time_Tick
                0x0000000000022750                Make_Frame_IE_System_Sts
                0x0000000000022830                Make_Frame_IE_Alarm_Data_Vaild_Indicator
                0x0000000000022870                Make_Frame_IE_Alarm
                0x0000000000024bac                Make_Frame_IE_Alarm_Change
                0x0000000000026084                Make_Frame_IE_Lower_Node_Id_Config
                0x0000000000026170                Make_Frame_IE_Initial_Information
                0x0000000000026208                Make_Frame_IE_TSSI_RSSI
                0x0000000000026330                Make_Frame_IE_Path_Status
                0x0000000000026400                Make_Frame_LSH
                0x0000000000026440                Get_LS_PortNo
                0x000000000002647c                Send_LSH_UDP_Data
                0x00000000000264a4                Send_FX_SYSTEM_STS_RSP
                0x0000000000026560                Send_FX_ALM_INFO
                0x0000000000026600                Send_FX_RUID_ACQU_NOTI
                0x0000000000026650                Send_FX_INIT_NOTI
                0x00000000000266a0                Send_FX_CnM_SW_NOTI
                0x00000000000266cc                Send_FX_ALM_INFO_NOTI
                0x000000000002678c                Send_FX_ReturnResult
                0x00000000000267c4                Send_FX_CPRI_STS_RSP
                0x0000000000026880                Send_FX_FA_STS_RSP
                0x00000000000268e8                Send_FX_PATH_STS_RSP
                0x0000000000026950                Recv_FX_SYSTEM_STS_REQ
                0x0000000000026990                Recv_FX_TIME_SYNC_REQ
                0x00000000000269c8                Recv_FX_DELAY_SET_REQ
                0x0000000000026d24                Recv_FX_RUID_ACQU_NOTI_ACK
                0x0000000000026f7c                Recv_FX_INIT_NOTI_ACK
                0x000000000002711c                Recv_System_Topology
                0x00000000000271e0                LSH_Data_Analysis
                0x0000000000027790                Proc___Ctrl_from_LS
                0x0000000000027a98                Proc_LSH_Node_Pkt
 .text          0x0000000000027b44     0x2574 ./obj/auto_cofig_proc.o
                0x0000000000027d78                Clear_net_valid_chk_cnt
                0x0000000000027d8c                Is_Valid_MAC
                0x0000000000027da8                Get_REC_Str
                0x0000000000027de4                Get_REC_Idx
                0x0000000000027e04                Set_System_Net_Info
                0x0000000000027fd8                Proc__PRU_Set_MAC_Addr
                0x0000000000027fdc                Check_Alarm_Change
                0x0000000000027ffc                Check_CnM_Path_Change_Clear
                0x0000000000028020                Check_CnM_Path_Change
                0x00000000000280e8                Init_Base_IP_Mac_Chk
                0x0000000000028118                Disp_IP_Mac
                0x00000000000281b4                Chk___Base_IP_Mac
                0x000000000002863c                Update__gREMS_IP
                0x000000000002884c                Update__Layer_IP
                0x0000000000028a28                Copy_Data_From_VSS
                0x0000000000028c5c                Set__Defult_Noti_IP
                0x0000000000028c70                Load__Noti_IP
                0x0000000000028d00                AutoConfig_Flag_Clear
                0x0000000000028dd0                Init_Noti_Process
                0x0000000000028de8                Calc__LS_ID
                0x0000000000028e9c                Remapping_Self_Ip
                0x0000000000028fbc                Remapping_Self_Ip_Use_RuId
                0x00000000000290ac                Remapping_Self_Ip_SS
                0x00000000000292a8                Remapping_Self_Ip_SS_Use_RuId
                0x00000000000296d8                Ip_Assign_Process
                0x00000000000296f0                AutoConfig_Proc
                0x0000000000029718                Timer_start_LS_Valid_Indicator
                0x0000000000029730                Proc__LS_Valid_Indicator
                0x0000000000029790                Proc___Mismatch_ID_Alarm
                0x00000000000299d8                IS__TimeOver_Id_Mismatch_Alm
                0x00000000000299e8                Clr__TimeOver_Id_Mismatch_Alm
                0x0000000000029a10                Get___RU_Initial_Status
                0x0000000000029a20                Set___RU_Initial_Status
                0x0000000000029a48                IS_User_AMP_ON_Control
                0x0000000000029a8c                IS_RU_Init_Completed
                0x0000000000029ad4                Is_LS_Delay_Normal
                0x0000000000029bb4                Set__PRU_Reg_Capture_DL_Time
                0x0000000000029bb8                Proc___gREMS_Comm_Start
                0x0000000000029d90                Auto_Config_Task
 .text          0x000000000002a0b8        0x0 ./obj/a_pru_mmap_proc.o
 .text          0x000000000002a0b8     0x283c ./obj/PAU_comm.o
                0x000000000002a2e4                uConv_x10
                0x000000000002a2f4                Conv_AMP_OFF_Reason
                0x000000000002a30c                PAU_Link_Fail_Set
                0x000000000002a340                IS__SD_Check_Enabled
                0x000000000002a384                IS__AMP_Use_Allowed
                0x000000000002a3a8                PAU_Table_PassData
                0x000000000002a3b0                PAU_ATT_Table_Conv_GUI_to_AMP
                0x000000000002a3fc                PAU_Table_ATT_PassData
                0x000000000002a404                Proc_Chk_AMP_Install
                0x000000000002a42c                AMP_Not_Use_Alarm_Mask
                0x000000000002a444                Is_Amp_Install
                0x000000000002a474                Disp_PAU_Cmd
                0x000000000002a650                PAU_Send_Data
                0x000000000002a658                AC_Fail_PAU_EN_Ctrl
                0x000000000002a660                AC_Fail_Chk
                0x000000000002a674                sendPAU_EnDis
                0x000000000002a6c8                PAU_EN_Ctrl
                0x000000000002a7c0                PAU_RESET_Ctrl
                0x000000000002a7c8                Fwd_Out_Att_Set
                0x000000000002a7e8                Rvs_Amp_OnOff
                0x000000000002a7f0                TPL_Fwd_Att_Set
                0x000000000002a810                Init_PAU_N_Ctrl
                0x000000000002a814                PAU_Ctrl_Req_Chk
                0x000000000002a818                Add_PAU_N_Ctrl_Data
                0x000000000002a820                Add_THRE_N_Ctrl_Data
                0x000000000002a828                Send_PAU_N_Ctrl
                0x000000000002a830                Send_PAU_N_Ctrl_Not_Used_AMP
                0x000000000002a838                sendPAU_GetInfo
                0x000000000002a840                Recv_PAU_Info
                0x000000000002a974                sendPAU_INFO_Ctrl
                0x000000000002a9f8                PAU_Polling
                0x000000000002aa7c                PAU_Auto_SD_Chk
                0x000000000002aa80                AMP_Init_Set
                0x000000000002aab0                PAU_DownLoad_PassData
                0x000000000002aab8                IS__TSSI_Low_Alarm
                0x000000000002ab38                Proc__AAU_Reset__By_OutLow_Alarm
                0x000000000002af4c                Update_Fwd_Pwr_Alm
                0x000000000002b220                Get_User_Rvs_Att
                0x000000000002b234                Rvs_Att_User_Init
                0x000000000002b268                IS_PAU_TX_RX_All_Off
                0x000000000002b308                IS_PAU_Algorithm_Off
                0x000000000002b340                Check_PAU_RF_Val
                0x000000000002b550                Chk_Pwr_AMP_Reset
                0x000000000002b5fc                Get_Vswr
                0x000000000002b604                PAU_Init_Proc
                0x000000000002b6cc                Init_PAU_Down_St
                0x000000000002b6e4                Get_Hightest_AMP_Temp
                0x000000000002b730                PRU_RVS_In_SD_Proc
                0x000000000002b734                PAU_FW_APPLY
                0x000000000002b7b4                Chk_AMP_Download_End
                0x000000000002b83c                Init_prev_amp_alm
                0x000000000002b850                Get_AMP_Prev_Alm
                0x000000000002b8bc                Chk_AMP_Alm_Update
                0x000000000002b94c                AMP_Std_AMP_Proc
                0x000000000002b96c                MIMO_Std_AMP_Proc
                0x000000000002bb54                AC_Fail_AMP_Proc
                0x000000000002bca4                AMP_Temp_0_Set
                0x000000000002bcc4                Is_All_PAU_CommFail
                0x000000000002bd10                Is_All_PAU_CommFail_Co
                0x000000000002bd58                AMP_Not_Use_RVS_OFF_Display
                0x000000000002bd7c                PAU_Comm_Task
                0x000000000002bd88                Check_AAU_RF_Val
                0x000000000002be74                Proc___AAU_RFU_Init
                0x000000000002c034                Proc___AAU_RFU
                0x000000000002c2b4                Init_AMP_MutiDn
                0x000000000002c2ec                Free_RAM_DnImg
                0x000000000002c318                Load_RAM_DnImg
                0x000000000002c43c                Get_Multi_Dn_Data
                0x000000000002c48c                Rx_PAU_AutoDown
                0x000000000002c6ac                AutoDown_PAU_Send_Data
                0x000000000002c6b4                AMP_Down_Fail
                0x000000000002c730                chk_amp_FW_confirm
                0x000000000002c870                Update_AMP_DL_State
                0x000000000002c874                Is_AMP_MultiDown
 .text          0x000000000002c8f4     0x1950 ./obj/psu_comm.o
                0x000000000002c968                Green_Mode_Ctrl
                0x000000000002c984                PSU_Init_Set
                0x000000000002c9a8                PSU_DownLoad_PassData
                0x000000000002c9b0                Get_PSU_AMP_SW_St
                0x000000000002ca18                Is_Ext_FAN_Alm
                0x000000000002ca38                RecvPSU_Status
                0x000000000002cd80                IS__PSU_Compatible
                0x000000000002cd88                IS__PSU_giRO
                0x000000000002cd90                IS___file_ext_(short *,  __restrict)
                0x000000000002cdb4                PSU_Send_Data
                0x000000000002cdbc                sendPsu_INFO_Ctrl
                0x000000000002ce24                PSU_Polling
                0x000000000002ce98                PSU_5G_Green_Mode_Ctrl
                0x000000000002cec0                PSU_FAN_Speed_Ctrl
                0x000000000002cee4                PSU_PSU_FAN_Ctrl
                0x000000000002cf14                PSU_Reset_Ctrl
                0x000000000002cf1c                PSU_Pwr_Reset_Ctrl
                0x000000000002cf24                PSU_BattCharge_Ctrl
                0x000000000002cf38                PSU_Get_Info
                0x000000000002cf40                Chk_PSU_Green_St
                0x000000000002cf44                Init_Psu_Down_St
                0x000000000002cf58                PSU_FAN_Ctrl_Chk
                0x000000000002d0e8                Proc_Ext_FAN_PWM_Ctrl
                0x000000000002d36c                Is_Ext_FAN_Low_Noise_Mode_for_24Hour
                0x000000000002d3a4                Is_Ext_FAN_Mode_Time
                0x000000000002d3bc                Proc_Ext_FAN_Mode
                0x000000000002d464                PSU_FW_APPLY
                0x000000000002d49c                Chk_PSU_Download_End
                0x000000000002d500                Batt_Abnormal_Mon_Disable
                0x000000000002d514                Is_Batt_Related_Alm
                0x000000000002d544                Use_Batt_Use
                0x000000000002d5a4                Get_Result_of_Batt_Diagnosis
                0x000000000002d5b4                Proc_Batt_Abnormal_Monitor
                0x000000000002d8b0                Is_Under_Batt_Self_Diagnosis
                0x000000000002d8e4                Is_PSU_CommFail
                0x000000000002d8fc                Is_PSU_CommFail_Co
                0x000000000002d914                Free_RAM_DnImg_PSU
                0x000000000002d93c                Load_RAM_DnImg_PSU
                0x000000000002da50                Get_Multi_Dn_Tot_Frame_Crc_PSU
                0x000000000002db04                Get_Multi_Dn_Data_PSU
                0x000000000002db44                Init_Psu_AutoDn
                0x000000000002db64                Rx_Psu_AutoDown
                0x000000000002dcf8                AutoDown_Psu_Send_Data
                0x000000000002dd00                PSU_Down_Fail
                0x000000000002dd64                PSU_FW_apply_reqest
                0x000000000002dddc                Proc_Psu_AutoDownload
                0x000000000002e044                Is_PSU_MultiDown
                0x000000000002e078                Proc_PSU_PkgDown
                0x000000000002e108                Update_PSU_DL_State
                0x000000000002e10c                Proc_Batt_Status
                0x000000000002e238                Psu_Comm_Task
 *fill*         0x000000000002e244        0x4 
 .text          0x000000000002e248     0x2ccc ./obj/alarm.o
                0x000000000002e458                LoadEEP
                0x000000000002e470                SaveEEP
                0x000000000002e490                LoadEEPTable
                0x000000000002e540                Load_POWER_Table
                0x000000000002e560                Load_ATT_Table
                0x000000000002e580                Load_AMP_TEMP_Table
                0x000000000002e5a0                Load_AMP_TEMP_Alpha_Table
                0x000000000002e5c4                Save_POWER_Table
                0x000000000002e5e4                Save_ATT_Table
                0x000000000002e604                Save_AMP_TEMP_Table
                0x000000000002e624                Save_AMP_TEMP_Alpha_Table
                0x000000000002e648                def_IP_Info_Set
                0x000000000002e680                Init_Status_struct
                0x000000000002e6c0                Check_m_Eep_Init_Value
                0x000000000002e914                init_con
                0x000000000002f290                Reset_Local_Timer
                0x000000000002f29c                Init_Local_Termial
                0x000000000002f2c4                Reset_BT_Re_Init_Timer
                0x000000000002f2d0                Update_GUI_Alm
                0x000000000002f414                PAU_FWD_AMP_St
                0x000000000002f45c                Disp_AMP_St
                0x000000000002f4d4                AMP_Alarm_St
                0x000000000002f51c                SetResetInfo
                0x000000000002f588                Check_PAU_Use
                0x000000000002f5a8                Init_AMP_Install
                0x000000000002f5bc                Is_RU_SISO
                0x000000000002f5d4                Is_SISO_AMP
                0x000000000002f5f4                Get_AMP_SS_MM
                0x000000000002f61c                Is_MIMO_AMP
                0x000000000002f620                Get_AMP_Pair
                0x000000000002f638                Download_Mode_Init
                0x000000000002f650                RepeaterInit
                0x000000000002f7e4                Update__Task_Count
                0x000000000002f838                IS__Task_Count_Update
                0x000000000002f888                Proc___Task_Working
                0x000000000002f998                Disp_version_only
                0x000000000002f9b0                Disp_Version_Console
                0x000000000002fa0c                Alarm_Mask_by_Service_Use
                0x000000000002fa10                IS__Standby_Status
                0x000000000002fa50                IS__Standby_Dly_REQ
                0x000000000002fa78                IS__TSSI_Not_Checking
                0x000000000002fb44                Chk_Sum_Arm
                0x000000000002fc80                Update_Door_Alm
                0x000000000002fcb4                Update_PAU_HW_Insert
                0x000000000002fcb8                Proc___PRU_Optic_Switch_St
                0x000000000002fcbc                Update_Temp_Alm
                0x000000000002fd84                Update_FAN_Alm
                0x000000000002fe0c                Update_PSU_Alm
                0x000000000002fe10                AAU__Conv_ADC_to_48v_IN
                0x000000000002fe78                Set__AAU_ADC_Chk_En
                0x000000000002fea4                IS__AAU_ADC_Chk_En
                0x000000000002fec0                Update_DTU_Voltages
                0x000000000002fed8                Chk_Alarm_JIG_Timeout
                0x000000000002ff58                CheckAlarm
                0x0000000000030068                disp_fwd_out_pwr
                0x000000000003006c                Proc_DL_OutPwr_Cal
                0x0000000000030448                PRU_PSU_Reset_Reg_Ctrl
                0x00000000000304b4                Proc_PSU_Reset
                0x00000000000304b8                ClearFwdSD_Mode
                0x00000000000304cc                AMP_Not_Use_Pwr_Chk
                0x0000000000030510                Is_SFP_Inserted
                0x0000000000030580                Proc___PRU_before_OpticSw_ON
                0x0000000000030584                Init___PRU_PYH_IC
                0x0000000000030588                Get_ASCII
                0x000000000003059c                Make_SN_from_InvSN
                0x00000000000306c4                Proc___Inventory_SN
                0x0000000000030a20                Alarm_Process
 .text          0x0000000000030f14     0x2438 ./obj/algorithm_rf.o
                0x0000000000031204                G_Timer_All_Init
                0x0000000000031228                G_Timer_Start
                0x0000000000031268                G_Timer_Stop
                0x000000000003128c                Get_G_CurTime_ms
                0x00000000000312b4                Is_G_Timeout
                0x00000000000312e4                Is_Timer_En
                0x0000000000031300                Proc_G_Timer
                0x000000000003135c                Init_RU_Proc
                0x000000000003137c                Is_PD_Alarm
                0x0000000000031384                Is_PD_Alarm_AMP_Std
                0x000000000003138c                IS_Dig_Alarm
                0x0000000000031394                GetOffReson
                0x00000000000313a8                Alarm_SD_Fwd
                0x0000000000031464                Alarm_SD_Rev
                0x00000000000315c0                AMP_All_Off
                0x00000000000315fc                Rvs_AMP_SD_f_Ctrl
                0x000000000003161c                Fwd_AMP_SD_f_Ctrl
                0x000000000003163c                Set__Reason_Dis_5117
                0x0000000000031700                Set__Reason_SD_5115
                0x0000000000031770                Get__Reason_Dis_5117
                0x000000000003178c                Get__Reason_SD_5115
                0x00000000000317d0                Get__Reason_Dis_5117_Ori
                0x00000000000317e4                Get__Reason_SD_5115_Ori
                0x00000000000317f8                Clr__Reason_Dis_5117
                0x000000000003181c                Clr__Reason_SD_5115
                0x0000000000031840                Clr__Reason_Dis_5117_Prev
                0x0000000000031858                Clr__Reason_SD_5115_Prev
                0x0000000000031870                Get__Str_Dis_5117
                0x00000000000318a4                Get__Str_SD_5115
                0x00000000000318c8                Get_Amp_stdby_st_Sum
                0x0000000000031948                Amp_Stdby_Use
                0x0000000000031970                Chk_Skip_AMP_Stdby
                0x00000000000319d8                Is_Not_Amp_Stdby_Use
                0x0000000000031a10                Is_AMP_Rvs_Off_Alarm
                0x0000000000031a24                Is_AMP_Alm_AMP_STD
                0x0000000000031abc                Is_AMP_SD_Alm_St
                0x0000000000031b70                IS___AmpStd_UnChk_AMP___Alarm
                0x0000000000031b78                Make_Stdby_Bk_AMP_St
                0x0000000000031b8c                AMP_User_Ctrl_Restore
                0x0000000000031c04                Is_Amp_Std_Mode_Time
                0x0000000000031c1c                AMP_Stdby_AMP_Ctrl_Chk
                0x0000000000031c70                IS___AmpStd_St_AMP
                0x0000000000031cd8                Backup_Cur_Alarm_St
                0x0000000000031ce4                AMP_Stby_Amp_Alarm_Adj
                0x0000000000031e44                Chk_End_of_AMP_Standby_Exit_Dly
                0x0000000000031e98                Amp_Stdby_Mode_Exit
                0x0000000000031ef8                IS__AMP_Std_Exit_Possible
                0x0000000000031f00                Init_AMP_Standby_Mode_Proc
                0x0000000000031f30                Is_MIMO_Mode_Time
                0x0000000000031f48                Mimo_Stdby_AMP_Ctrl_Chk
                0x0000000000031fa0                Init_MIMO_Std_Mode
                0x0000000000031fc4                Mimo_Standby_Exit_Dly_REQ
                0x0000000000031fec                Mimo_Standby_AMP_Off_flag
                0x0000000000032004                IS__Mimo_Standby_AMP_Off_flag
                0x000000000003201c                Chk_End_of_Mimo_Standby_Exit_Dly
                0x0000000000032074                Set_MIMO_Standby_St
                0x0000000000032080                StandBy_PAU_EN_Ctrl
                0x0000000000032138                Proc_AMP_Standby
                0x0000000000032644                Amp_StdBy_PAU_OFF_Req
                0x0000000000032674                Mimo_StBy_PAU_Ctrl_Req
                0x000000000003269c                Get_MIMO_Standby_Pwr_Level
                0x00000000000326a0                Proc_MIMO_Standby
                0x0000000000033144                Update_AC_Alm
                0x000000000003315c                Proc__SuperCap_AC_Alarm_Report
                0x00000000000331dc                Proc_AC_Fail_Batt_Save
                0x00000000000331e0                Is_AC_Fail
                0x00000000000331f8                AC_Alarm_Amp_Alarm_Adj
                0x0000000000033270                AC_Normal_Std_Mode_Restart_Chk
 .text          0x000000000003334c     0x7ac4 ./obj/protocol.o
                0x000000000003334c                Make_AID_0x02__
                0x0000000000033410                Make_AID_0x09__
                0x0000000000033438                Make_AID_Internal_B5
                0x00000000000334e8                Make_AID_0x00__
                0x0000000000033500                Make_AID_0x01__
                0x00000000000335b8                Make_AID_0x2B__
                0x00000000000335f0                Conv_uVal16_to_big_endian
                0x0000000000033600                Conv_uVal32_to_big_endian
                0x0000000000033620                AID2_Chk_Size
                0x0000000000033624                AID2_Chk_Layer
                0x0000000000033630                AID2_Chk_Carrier
                0x000000000003363c                Make_AID2_STR_Header
                0x00000000000336fc                Make_AID_0x50__
                0x0000000000033b74                Make_AID_0x51__
                0x0000000000033f78                Make_AID_0x52__
                0x00000000000342c0                Make_AID_0x53__
                0x00000000000346b0                Make_AID_0x54__
                0x0000000000034dc4                Make_AID_0x55__
                0x0000000000034eac                Make_AID_0x56__
                0x000000000003503c                Make_AID_Internal_B1
                0x00000000000350e8                Make_AID_Internal_B2
                0x0000000000035b94                Make_AID_Internal_B3
                0x0000000000035e68                Make_AID_Internal_B4
                0x00000000000375f8                Make_AID_Internal_B6
                0x0000000000037acc                Make_AID_Internal_F2
                0x0000000000037b30                Make_AID_Internal_CF
                0x0000000000037bcc                Make_AID_Internal_D4
                0x0000000000037c34                Make_AID2_STR_Header_Var_Size_2
                0x0000000000037c78                Make_AID2_STR_Header_Var_Size
                0x0000000000037d34                Make_AID_Internal_B0
                0x00000000000380d4                Make_AID_Internal_C0
                0x0000000000039960                Make_AID
                0x0000000000039d10                Get_RU_Cnt
                0x0000000000039db0                Make_Tree_Info
                0x0000000000039e78                Get_AID
                0x0000000000039e9c                Get__GUI_AID
                0x0000000000039ed0                Make_GUI_AID
                0x0000000000039f94                Make_SKT_AID
                0x0000000000039f98                Get_Log_AID_List
                0x000000000003a10c                Get_SKT_AID_List
                0x000000000003a1d0                Get_Tot_AID_NUM
                0x000000000003a220                Get_GUI_AID_Val
                0x000000000003a294                GetStatus
                0x000000000003a2cc                GetStatus_REMS_Hidden
                0x000000000003a320                Get_SKT_AID_2B
                0x000000000003a340                Get_Total_AID_LIST
                0x000000000003a45c                Is_AID2_Range
                0x000000000003a46c                Make_AID_Str_Reason
                0x000000000003a530                Make_AID_Struct
                0x000000000003a5ec                Make_gREMS_Alarm_AID_Struct
                0x000000000003a5f0                Print_AID2
                0x000000000003a81c                Proc__Chk_and_Disp__TSSI_Level
                0x000000000003a9a0                Proc__Chk_and_Disp__Out_Upper_Alarm
                0x000000000003ab08                Proc___Display_TSSI
                0x000000000003ac24                Init__Alarm_Timer
                0x000000000003ac3c                Init__All_Alarm_Timer
                0x000000000003accc                IS__alarm_timeout
                0x000000000003acfc                IS_normal_timeout
                0x000000000003ad30                Rst__alarm_timeout
                0x000000000003ad34                Rst_normal_timeout
                0x000000000003ad3c                Chk__alarm_normal_timeout
                0x000000000003ae0c                Chk_clock__alarm_normal_timeout
 .text          0x000000000003ae10     0xa044 ./obj/control.o
                0x000000000003bb58                InitCtrl
                0x000000000003bb8c                CtrlLock
                0x000000000003bb98                CtrlUnLock
                0x000000000003bba4                Ping_Test
                0x000000000003bbe0                Ping_Self_IP
                0x000000000003bc0c                Proc____GUI_Test_Alarm
                0x000000000003bc24                Parse_AID2_STR
                0x000000000003bca4                DL_CW_Level_Ctrl
                0x000000000003bcec                Use_DL_CW_Level_Ctrl
                0x000000000003bd4c                Use_DL_CW_OnOff_Ctrl
                0x000000000003bdb0                Use_Auto_SD_Mode_En
                0x000000000003bdd8                Use_FAN_Auto_Ctrl
                0x000000000003be38                Use_PSU_INT_FAN_Onoff_Ctrl
                0x000000000003be68                Use_Ext_FAN_Speed_Ctrl
                0x000000000003be80                PSU_Ext_FAN_Onoff_Ctrl
                0x000000000003beec                Use_PSU_Ext_FAN_Onoff_Ctrl
                0x000000000003bf04                Use_FAN_On__Temp_Ctrl
                0x000000000003bf60                Use_FAN_Off_Temp_Ctrl
                0x000000000003bfbc                Use_Fwd_Out_Pwr_Lmt_Set
                0x000000000003bffc                Use_Green_Mode
                0x000000000003c01c                Use_Green_Mode_Time
                0x000000000003c080                Use_AMP_Stdby_Mode_Time
                0x000000000003c08c                Use_MIMO_Stdby_Mode_Time
                0x000000000003c098                Use_FAN_Mode_Time
                0x000000000003c0a4                Use_TempLmt
                0x000000000003c0cc                Use_TempLmt_x10
                0x000000000003c0dc                Wr_BarCode
                0x000000000003c134                Chk_BarCode
                0x000000000003c16c                Wr_Node_Name
                0x000000000003c1b4                Chk_Node_Name
                0x000000000003c1e4                Get_PAU_Sw_St
                0x000000000003c260                Use_PwrAmp_Reset
                0x000000000003c294                Fwd_Out_Att_Set_Req
                0x000000000003c2b4                UseFwd_Out_Att
                0x000000000003c2e4                ATT_Pair_Onoff_Req
                0x000000000003c324                Use_ATT_Pair_Onoff
                0x000000000003c378                FB_Att_Req
                0x000000000003c3b8                Use_FB_Att
                0x000000000003c40c                FB_Offset_Att_Req
                0x000000000003c44c                DPD_Reset_Ctrl
                0x000000000003c450                Proc___DPD_Reset_to_Normal
                0x000000000003c454                Init_TestPort_CIM
                0x000000000003c458                Use_TestPort_CIM
                0x000000000003c45c                Use_d_HC_Threshold
                0x000000000003c49c                Use_d_HC_Threshold_AAU
                0x000000000003c598                Proc__Cpri_Alarm_Keep_Xsec
                0x000000000003c6ac                Proc__Clock_Normal_Keep_Xsec
                0x000000000003c72c                RE_Channel_BandWidth
                0x000000000003c7f8                DPD_OnOff_Ctrl
                0x000000000003c864                Use_d_DPD_OnOff
                0x000000000003c8e0                Use_d_CFR_Level
                0x000000000003c92c                Use_d_PAR_Level
                0x000000000003c948                Use_d_CFR_OnOff
                0x000000000003c9a4                User_DTU_Reset
                0x000000000003c9b4                step_01__round__step_05
                0x000000000003c9f0                roundoff_05
                0x000000000003ca14                Get_GainRegVal
                0x000000000003ca38                Chk_Dig_Max_Att
                0x000000000003ca44                conv_Reg_Gain_to___Att_x10
                0x000000000003cad8                conv_Reg_GuardTime_to_(short,...)(char) __restrict
                0x000000000003caec                conv_Reg_GuardTime_from_usec
                0x000000000003cb00                conv_Reg_TsyncDly_to_(short,...)(char) __restrict
                0x000000000003cb14                conv_Reg_TsyncDly_from_usec
                0x000000000003cb28                conv_AAU_Reg_GuardTime_to_(short,...)(char) __restrict
                0x000000000003cb50                conv_AAU_Reg_GuardTime_from_usec
                0x000000000003cb70                conv_Reg_GuardTime_to___usec_AAU_dl_2_UL
                0x000000000003cb84                conv_Reg_GuardTime_from_usec_AAU_dl_2_UL
                0x000000000003cb98                conv_Reg_GuardTime_to___usec_AAU_ul_2_DL
                0x000000000003cbac                conv_Reg_GuardTime_from_usec_AAU_ul_2_DL
                0x000000000003cbc8                conv_Reg_CfrGain_to___Gain
                0x000000000003cc08                conv_Reg_CfrGain_from_Gain
                0x000000000003cc40                Update_ARFCN_from_BW
                0x000000000003cc44                Update_CenterFreq_from_BW
                0x000000000003ce28                Use_d_RE_Channel_BandWidth
                0x000000000003d168                conv_Reg_Capture_to_(short,...)(char) __restrict
                0x000000000003d190                conv_Reg_Capture_from_usec
                0x000000000003d1b8                conv_Reg_RSSI_Time_to_(short,...)(char) __restrict
                0x000000000003d1e0                conv_Reg_RSSI_Time_from_usec
                0x000000000003d208                conv_Reg_delay_us_to___nsec
                0x000000000003d240                conv_Reg_delay_us_from_nsec
                0x000000000003d288                Use_TSYNC_Delay_Set_AAU
                0x000000000003d2c8                Use_d_Delay_Ctrl
                0x000000000003d5d4                Proc___PRU__BW_Gain_Compensation
                0x000000000003d6d0                Proc___DPD_St_DL_Delay_Offset
                0x000000000003d720                Proc___PRU_Tsync_Delay
                0x000000000003d810                conv_Reg_Clk_Recovery_to__AID
                0x000000000003d830                Use_d_FPGA_Delay_Ctrl
                0x000000000003d864                Use_OSM_Use
                0x000000000003d878                Conv_Gain_to_Att
                0x000000000003d89c                Conv_Gain_from_Att
                0x000000000003d8a8                Use_d_Cal_VCO
                0x000000000003d8f0                Use_d_Cal_VCO_AAU_1khz
                0x000000000003d938                Use_DL_ON_Guard_Time_Ctrl
                0x000000000003d990                Use_UL_to_DL_Guard_Time_Ctrl
                0x000000000003da20                Use_UL_ON_Guard_Time_Ctrl
                0x000000000003dab4                Use_DL_to_UL_Guard_Time_Ctrl
                0x000000000003db0c                DTU_DL_Path_Onoff
                0x000000000003dbfc                Use_DTU_DL_Path_Onoff
                0x000000000003dc2c                DTU_UL_Path_Onoff
                0x000000000003dcc4                Proc____AAU_Alarm_Fan_and_Temp
                0x000000000003dea0                Use_d_Payload_OnOff
                0x000000000003deb0                DTU_UL_Cascade_Onoff
                0x000000000003df48                Use_d_Rx_Casc_Add_OnOff_UL
                0x000000000003dfe0                Use_DTU_UL_Path_Onoff
                0x000000000003e010                LSH_Gain_Set
                0x000000000003e0c0                Use_LSH_Gain_Set
                0x000000000003e11c                Test_Pattern_Band_Gain_Set
                0x000000000003e198                Use_Test_Pattern_Band_Gain_Set
                0x000000000003e238                AID_Control
                0x00000000000448b8                LocalCtrl
                0x0000000000044a04                TSSI_SD_Level_Set
                0x0000000000044a1c                Height_Bal_Gain_Set
                0x0000000000044a34                Get__BW_Gain_Comp_PRU_x10
                0x0000000000044a48                Att_Digital_DL_SUM
                0x0000000000044a58                Use_Att_Digital_DL_SUM
                0x0000000000044a7c                Default_Setting
 .text          0x0000000000044e54      0x3bc ./obj/spi.o
                0x0000000000044e54                _rdwr_spi_dev
                0x0000000000044f18                Open_SPI_FPGA
                0x000000000004508c                Close_SPI_FPGA
                0x00000000000450a4                Rd_SPI_FPGA
                0x00000000000450e8                Wr_SPI_FPGA
 .text          0x0000000000045210    0x14060 ./obj/FPGA_Reg.o
                0x0000000000045210                cmd_quit
                0x0000000000045294                cmd_help
                0x00000000000453c4                cmd_regio
                0x0000000000047f90                Open_AXI_Reg
                0x0000000000047fb4                Close_AXI_Reg
                0x0000000000047fcc                Lock__FPGA_RdWr_Sem
                0x0000000000047fd8                UnLock__FPGA_RdWr_Sem
                0x0000000000047fe4                Rd_AXI_Reg
                0x000000000004804c                Wr_AXI_Reg
                0x0000000000048100                cmd_version
                0x0000000000048128                Make_Reg_Addr
                0x0000000000048168                Make_Reg_Addr_AAU_Axi
                0x00000000000481ac                Calculate_Reg_Address
                0x0000000000048ac8                Disp_Reg_Address
                0x0000000000048fb8                Calculate_Reg_Variable_Pointer
                0x0000000000048fc4                Init_All_Reg_Ctrl_Flag
                0x0000000000049270                Chk_RegCtrlFlag_Status
                0x0000000000049764                Proc_RW_wave_Register
                0x000000000004983c                Vss_Stable_Check
                0x0000000000049860                Vss_Stable_Init_All_Cnt
                0x000000000004986c                Init_Vss_Stable_Check
                0x0000000000049b2c                Read___AAU_Test_Pattern_Data
                0x0000000000049bf0                Read___AAU_Test_Pattern_En
                0x0000000000049c3c                Set___AAU_Test_Pattern_Addr
                0x0000000000049c48                Set___AAU_Test_Pattern_WrEn
                0x0000000000049c54                Set___AAU_Test_Pattern_wr_iq
                0x0000000000049c64                Proc___AAU_Loading_100M_Test_Pattern
                0x000000000004a080                Proc___AAU_Loading_Test_Pattern
                0x000000000004a818                Proc___AAU_DL_Det_SSB
                0x000000000004a8e8                Proc___AAU_DL_CW_Off
                0x000000000004ab18                Update__SFP_Vendor_Info
                0x000000000004ac50                IS_Alpha_Mhz_Existing
                0x000000000004ac70                IS_Alpha_Mhz_Not_Existing
                0x000000000004ac90                Get__BW_of_Alpha
                0x000000000004acc0                IS__Vaild_CPRI__Main
                0x000000000004acd8                IS__Vaild_CPRI_Alpha
                0x000000000004ad0c                AAU___EQ_Toggle_Set
                0x000000000004ad40                Get__PRU_TotPwr_x10_DL_TSSI
                0x000000000004ae20                IS__Clock_CPRI_Alarm
                0x000000000004ae80                Chk__PRU_DL_Out_Lower_Alarm
                0x000000000004b04c                Chk__AAU_DL_Out_Lower_Alarm
                0x000000000004b19c                Chk__SFP_Los_Ld_Alarm
                0x000000000004b1d4                Proc_Conv_DTU_Reg_to_mSt
                0x000000000004d000                Is_AAU_Only_Reg_Common
                0x000000000004d014                Is_AAU_Only_Reg_DSP_FA_MIMO
                0x000000000004d0ec                Is_AAU_Only_Reg_DSP_Common
                0x000000000004d0fc                Proc_Compare_Fpga_Register_RF
                0x000000000004d390                Read_FPGA_Reg
                0x000000000004d398                Write_FPGA_Reg
                0x000000000004d39c                Get_Curr_TSSI_Input_Pwr_Bal_Att_x10
                0x000000000004d420                PRU_DL_Gain_Set_Req
                0x000000000004d490                Proc__PRU_Bal_DTU_Att
                0x000000000004d5b0                Get__AAU_DL_Gain_Att_x10
                0x000000000004d5c4                AAU_DTU_ATT_Refresh
                0x000000000004d61c                Check_Fpga_Comm_Link
                0x000000000004d720                Is_DTU_Reg_CommFail_Co
                0x000000000004d738                Is_DTU_Reg_CommFail
                0x000000000004d73c                Proc_DTU_Alarm
                0x000000000004deb4                IS_BW_Valid
                0x000000000004defc                Is_CRPI_Upper
                0x000000000004df0c                Is_CRPI_Lower
                0x000000000004df1c                Is_CRPI_100Mhz
                0x000000000004df2c                Is_CRPI_A_Mhz
                0x000000000004df3c                Chk_SFP_Insert__CPRI_Lock
                0x000000000004df48                Get_CPRI_Lock
                0x000000000004df70                Reboot__CPRI_Alarm_Mask
                0x000000000004df74                Proc__Update_CPRI_Mscl_Status
                0x000000000004e190                Get_Instant_CPRI_Lock_St
                0x000000000004e244                Proc__Check_ClockFail
                0x000000000004e4cc                Proc_LS_Vss_Aive_Ack
                0x000000000004e564                Proc__SFP_Insert__CPRI_Lock
                0x000000000004efd0                Proc_LS_VSS_Channel
                0x0000000000050484                IS__CPRI_Lock
                0x00000000000504ac                Proc_Read_Fpga_Register
                0x0000000000051a58                Proc_Compare_Fpga_Register_VSS
                0x0000000000051a70                Proc_Compare_Fpga_Register
                0x00000000000523e8                Copy__RegSts__to__RegCtl
                0x000000000005276c                reg_SFP_Tx_EnDisable
                0x000000000005277c                PHY__Reset_Setting
                0x00000000000527c0                Proc___SFP_Recovery
                0x0000000000052be0                Proc_AAU_Ext_FAN_Ctrl
                0x0000000000052e48                Is_CPRI_LOF_Fail
                0x0000000000052ed4                Is_CPRI_LOS_Fail
                0x0000000000052f60                Proc___DTU_SD__Check
                0x0000000000053a8c                Proc___Shutdown_Ctrl
                0x0000000000053aa4                Proc___AAU_Reg_PLL
                0x0000000000053bc0                VSS_UL_RE_Reset_ACK_Sw_Default
                0x0000000000053be4                VSS_UL_RE_Reset_ACK_CPU_Access
                0x0000000000053bf4                Proc___VSS_UL_RE_Reset_ACK_Switch
                0x000000000005431c                Proc_LS_VSS_Copy_CPRI
                0x0000000000054334                Proc____PRU_LED
                0x0000000000054338                AAU_Polling_Aivie
                0x0000000000054350                Is_AAU_Polling_Now
                0x0000000000054388                IS_AAU_LED_Disabled
                0x0000000000054398                Proc___AAU_LED_Auto_Off
                0x00000000000544c0                Proc____AAU_LED
                0x0000000000054978                Get_TI_ALC_Att_x2
                0x000000000005499c                Get_Other_Company_Det_x10
                0x0000000000054a00                AAU_RF_DL_Att_Set
                0x0000000000054b1c                AAU__Fwd_Alc_Att_Set
                0x0000000000054b28                AAU_RF_UL_Att_Set
                0x0000000000054c40                AAU__Rvs_Alc_Att_Set
                0x0000000000054db4                AAU_UL_AFE_Att_Set
                0x0000000000054e00                AAU__RF_AMP_OnOff
                0x0000000000054f04                AAU__RF_LNA_OnOff
                0x0000000000054f08                Get__AAU_UL_Gain_Att_x10
                0x0000000000054f1c                Set_ALC_Gain_Comp_x10
                0x0000000000054f2c                Get_ALC_Gain_Comp_x10
                0x0000000000054f44                Get__AAU_User_Gain_x10
                0x0000000000054f74                Get__AAU_TotPwr_x10_UL_RSSI
                0x0000000000055008                Get__AAU_TotPwr_x10_DL_TSSI
                0x00000000000550a0                Proc___Calc_AAU_UL_Gain
                0x0000000000055100                Proc___AAU_RVS_In_ALC
                0x0000000000055474                Proc___AAU_RVS_Quick_ALC
                0x0000000000055614                Cal__AAU_BW_Path_Att_x10
                0x0000000000055628                Get__EQ1_Att_x10
                0x000000000005573c                Proc___AAU_DL_CFR_Adj
                0x0000000000055a00                AAU__Calc_filter_att
                0x0000000000055a20                conv_BW_to_eq_bw
                0x0000000000055a44                AAU___Loading_Get_EQ_Test_Pattern
                0x0000000000055c30                AAU__Get_EQ_Att_x10
                0x0000000000055c48                Proc__AAU__Get_EQ_Att_x10
                0x0000000000055fe8                AAU_RVS_SD_Init_Ctrl
                0x0000000000056008                SD_Init_Req
                0x0000000000056020                AAU_FWD_SD_Init_Req
                0x0000000000056040                Is__Rvs_SD_Total
                0x0000000000056068                AAU_Ctrl__UL_Over_Input
                0x000000000005678c                Proc___AAU_Rvs_Shutdown
                0x00000000000567a8                Proc___AAU_Fwd_Shutdown
                0x00000000000567c8                Proc___AAU_FWD_ALC
                0x00000000000568f0                IS__End_of_UL_Gain_Low_Offset
                0x0000000000056918                Set__End_of_UL_Gain_Low_Offset
                0x0000000000056960                Disp__AAU_GC_RSSI_RMS
                0x0000000000056994                Proc___AAU_UL_Gain_Low_Offset
                0x00000000000569a8                Proc___AAU_UL_Gain_Low
                0x0000000000056c24                Proc___AAU_ALC_OFF_Check
                0x0000000000056da8                Get_AAU_RF_Att_Accuracy_x2
                0x0000000000056dc0                Get_AAU_Curr_Table_TempAtt
                0x0000000000056dfc                Get_AAU_Curr_Table_Alpha_TempAtt
                0x0000000000056e38                Get_AAU_DTU_Alpha_Temp_Att_x10
                0x0000000000056e88                Update__AAU_Temp_Att
                0x0000000000056e94                Proc___AAU_Temp_Att
                0x0000000000056ea0                Proc___AAU_BW_Att
                0x0000000000056f7c                Proc___BIP__ErrCount
                0x0000000000056f94                Proc___Hard_Clipping
                0x00000000000570fc                Proc___LSH_Gain_Set
                0x0000000000057290                Proc___Test_Pattern_Band_Gain
                0x000000000005735c                Proc___Off_Test_Pattern
                0x00000000000574f4                IS_Valid_VSS_REC_Type
                0x0000000000057524                Proc__CPRI_Init_OSM_Ctrl
                0x0000000000057528                Proc__Disp_CPRI_Lock
                0x00000000000576b0                AAU__RF_Max_Att
                0x00000000000576bc                Set_Factory_Mode_Onoff
                0x00000000000576d8                Get_Factory_Mode
                0x00000000000576f0                IS__Board_St_Normal
                0x0000000000057784                AAU___AMP_Off_Max_Att
                0x00000000000577b8                AAU___Restore_AMP_Att
                0x00000000000577bc                AAU__Gain_Check_Mode_Ctrl
                0x000000000005796c                Write_Ctrl_Data_From_Eep
                0x0000000000058118                AAU___All_Off_GainChkMode_NoiseMode
                0x00000000000581e4                AAU__Gain_Check_Mode_dl_mode_Ctrl
                0x000000000005821c                Proc___AAU_GainCheck_NoiseDet
                0x0000000000058524                Init__BIP_ErrCnt_Accum
                0x0000000000058574                Init__HardClipCnt_Accum
                0x00000000000585c4                Proc__VSS_Monitor
                0x00000000000589b8                FPGA_Register_Task
 .text          0x0000000000059270      0x148 ./obj/temp_ic.o
                0x0000000000059270                Open_LM75_Temp
                0x00000000000592bc                Close_LM75_Temp
                0x00000000000592d4                Get_LM75_Temp
 .text          0x00000000000593b8      0x488 ./obj/dtu_udp_comm.o
                0x00000000000593b8                Init_Dtu_MutiDn
                0x0000000000059404                Init_Fpga_MutiDn
                0x0000000000059450                Dig_Get_Multi_Dn_Data
                0x000000000005960c                Rx_Dig_AutoDown
                0x00000000000597b0                Dig_Down_Fail
                0x00000000000597dc                Fw_Apply_Dly_Req
                0x00000000000597e0                Update_DIG_DL_State
                0x00000000000597e4                Is_Dig_MultiDown
 .text          0x0000000000059840      0xb04 ./obj/inventory.o
                0x0000000000059840                InventoryPrevUpdate
                0x00000000000598d8                InitialInvValue
                0x0000000000059914                RecvModuleInventory
                0x0000000000059980                CheckInvetoryRead
                0x0000000000059998                Inventory_Vaule_Set
                0x0000000000059a9c                Get_Inv_idx
                0x0000000000059aa4                InvetoryReadClear_mod
                0x0000000000059ac8                Clr_Inv_Read_Req
                0x0000000000059ae0                PAU_Inv_Read_Req
                0x0000000000059b14                Clr_Psu_Inv_Read_Req
                0x0000000000059b18                Psu_Inv_Read_Req
                0x0000000000059b1c                Inv_Read_Needed
                0x0000000000059b64                InitInventory
                0x0000000000059cc0                Update_SFP_Inventory
                0x0000000000059e00                CheckInvetoryUpdate
                0x0000000000059f58                InvetoryReadClear
                0x0000000000059f5c                Auto_Inv_Ready
                0x0000000000059f64                Get_Inventory
                0x000000000005a08c                IS__Valid_InvSN
                0x000000000005a128                SetInventory
                0x000000000005a2bc                Get_KST_inventory
 .text          0x000000000005a344     0x3700 ./obj/nms_alarm.o
                0x000000000005a36c                Make_ALM_EMS_SubData_Init
                0x000000000005a3c8                Make_ALM_EMS_SubData
                0x000000000005a470                Make_ALM_EMS_SubData_End
                0x000000000005a510                Check_ResetAlarm_gREMS
                0x000000000005a6c0                Chk_RebootAlarm_gREMS
                0x000000000005a6cc                Is_UDA_Alm_Posi
                0x000000000005a6e4                Get_gREMS_Alarm_Loc
                0x000000000005a800                Get__CPRI_Num
                0x000000000005a828                Init__Alm_Str_Lmt
                0x000000000005a9f0                Make_Alm_Str_Lmt
                0x000000000005adc8                Update_Alm_Str_Lmt
                0x000000000005b71c                Make_Alm_Str
                0x000000000005c1a8                Make_REMS_1024_Pkt_for_AC_Alarm
                0x000000000005c2e0                Send_PRU_AC_Alarm_gREMS_Only
                0x000000000005c31c                Send_PRU_AC_Alarm_gREMS
                0x000000000005c4c8                Make_Arm_gREMS
                0x000000000005c9e8                Check_UDA_Alarm_gREMS
                0x000000000005ca00                Check_UDA_Alarm_gREMS___When_RuInit
                0x000000000005cc48                Check_Alarm_gREMS
                0x000000000005cfb4                Check_Alarm_gREMS_______When_RuInit
                0x000000000005d274                Check_Suppress_Alm
                0x000000000005d594                Proc__Sending_Init_Alarm__When_RuInit_End
                0x000000000005d598                Init_Low_Alm_Mask_at_AMP_Init
                0x000000000005d5c0                Is_Low_Alm_Mask_at_AMP_Init
                0x000000000005d5d8                TimerStart_Low_Alm_at_AMP_Init
                0x000000000005d620                Proc_LowAlm_Mask_at_AMP_Init
                0x000000000005d624                Init_NMS_Alm_Proc